PASS All classic scripts parse and initialize without runtime errors 19
PASS Exactly 1000 unique valid trivia questions {"Addition":100,"Subtraction":100,"Multiplication":100,"Division":100,"Counting":100,"Money":100,"Doubles":100,"Halves":100,"Capitals":25,"Chemistry":25,"Computing":25,"Scientific units":25,"Logic":25,"Wordplay":25,"Everyday counting":25,"Animals":25}
PASS 36 weapon designs, 30 abilities, 25 specials, 336 dialogue lines, 30 crowd shouts 
PASS All character variants render with native Canvas 
PASS Five full-width arena canvases render 
PASS Autonomous fights complete across tiers [{"level":1,"weapon":0,"seconds":18,"winner":"cpu","hits":24},{"level":1,"weapon":1,"seconds":22,"winner":"cpu","hits":17},{"level":1,"weapon":8,"seconds":15,"winner":"cpu","hits":14},{"level":1,"weapon":27,"seconds":17,"winner":"cpu","hits":19},{"level":1,"weapon":36,"seconds":19,"winner":"player","hits":21},{"level":5,"weapon":0,"seconds":18,"winner":"cpu","hits":23},{"level":5,"weapon":1,"seconds":19,"winner":"cpu","hits":22},{"level":5,"weapon":8,"seconds":17,"winner":"player","hits":23},{"level":5,"weapon":27,"seconds":19,"winner":"cpu","hits":20},{"level":5,"weapon":36,"seconds":16,"winner":"player","hits":18},{"level":10,"weapon":0,"seconds":25,"winner":"cpu","hits":26},{"level":10,"weapon":1,"seconds":21,"winner":"player","hits":23},{"level":10,"weapon":8,"seconds":26,"winner":"cpu","hits":21},{"level":10,"weapon":27,"seconds":14,"winner":"cpu","hits":14},{"level":10,"weapon":36,"seconds":17,"winner":"cpu","hits":18},{"level":15,"weapon":0,"seconds":26,"winner":"player","hits":31},{"level":15,"weapon":1,"seconds":13,"winner":"cpu","hits":15},{"level":15,"weapon":8,"seconds":10,"winner":"cpu","hits":10},{"level":15,"weapon":27,"seconds":11,"winner":"cpu","hits":14},{"level":15,"weapon":36,"seconds":15,"winner":"cpu","hits":17},{"level":20,"weapon":0,"seconds":34,"winner":"player","hits":28},{"level":20,"weapon":1,"seconds":31,"winner":"player","hits":27},{"level":20,"weapon":8,"seconds":17,"winner":"cpu","hits":14},{"level":20,"weapon":27,"seconds":25,"winner":"player","hits":29},{"level":20,"weapon":36,"seconds":15,"winner":"cpu","hits":17},{"level":25,"weapon":0,"seconds":20,"winner":"cpu","hits":10},{"level":25,"weapon":1,"seconds":9,"winner":"cpu","hits":13},{"level":25,"weapon":8,"seconds":13,"winner":"cpu","hits":15},{"level":25,"weapon":27,"seconds":22,"winner":"cpu","hits":22},{"level":25,"weapon":36,"seconds":14,"winner":"cpu","hits":12}]
PASS Final blow holds for four simulation seconds 
PASS Training attacks visibly reach valid collision region [{"kind":"punch","damage":9},{"kind":"kick","damage":11.25},{"kind":"weapon","damage":13.599999999999994}]
PASS All 36 weapon contacts {"tested":36}
PASS Trivia deck has no immediate repeats 
PASS Crowd projectiles never change health 
PASS Rewards advance through round 25 with independent CPU stats 
PASS Resurrection restores player and preserves opponent damage 
PASS Disconnected head persists and settles 
PASS Walking support foot remains planted in world space {"worldDrift":0}
PASS All 25 special attack sequences finish without stuck grapple states {"misses":[]}
PASS A complete 25-level run can be won using offered rewards and allowed trivia {"attempt":1,"revivals":1}
